0            
-------------
512          
450          
1            
2            
-62          
451          
1            
2048         
